------------------------------------------------------------
Timing Analyzer Summary
------------------------------------------------------------

Type  : Slow 1100mV 85C Model Setup 'CLOCK_50'
Slack : -11.509
TNS   : -2845.887

Type  : Slow 1100mV 85C Model Setup 'ControlUnit:b2v_inst|state.T2'
Slack : -10.144
TNS   : -212.169

Type  : Slow 1100mV 85C Model Hold 'CLOCK_50'
Slack : -3.150
TNS   : -50.279

Type  : Slow 1100mV 85C Model Hold 'ControlUnit:b2v_inst|state.T2'
Slack : -1.042
TNS   : -1.042

Type  : Slow 1100mV 85C Model Minimum Pulse Width 'CLOCK_50'
Slack : -2.636
TNS   : -1798.170

Type  : Slow 1100mV 85C Model Minimum Pulse Width 'ControlUnit:b2v_inst|state.T2'
Slack : 0.130
TNS   : 0.000

Type  : Slow 1100mV 0C Model Setup 'CLOCK_50'
Slack : -11.446
TNS   : -2738.205

Type  : Slow 1100mV 0C Model Setup 'ControlUnit:b2v_inst|state.T2'
Slack : -10.055
TNS   : -212.130

Type  : Slow 1100mV 0C Model Hold 'CLOCK_50'
Slack : -3.229
TNS   : -65.403

Type  : Slow 1100mV 0C Model Hold 'ControlUnit:b2v_inst|state.T2'
Slack : -0.934
TNS   : -0.934

Type  : Slow 1100mV 0C Model Minimum Pulse Width 'CLOCK_50'
Slack : -2.636
TNS   : -1801.254

Type  : Slow 1100mV 0C Model Minimum Pulse Width 'ControlUnit:b2v_inst|state.T2'
Slack : 0.170
TNS   : 0.000

Type  : Fast 1100mV 85C Model Setup 'CLOCK_50'
Slack : -6.810
TNS   : -1691.510

Type  : Fast 1100mV 85C Model Setup 'ControlUnit:b2v_inst|state.T2'
Slack : -6.410
TNS   : -124.299

Type  : Fast 1100mV 85C Model Hold 'CLOCK_50'
Slack : -1.743
TNS   : -27.497

Type  : Fast 1100mV 85C Model Hold 'ControlUnit:b2v_inst|state.T2'
Slack : -0.648
TNS   : -0.648

Type  : Fast 1100mV 85C Model Minimum Pulse Width 'CLOCK_50'
Slack : -2.636
TNS   : -1743.803

Type  : Fast 1100mV 85C Model Minimum Pulse Width 'ControlUnit:b2v_inst|state.T2'
Slack : 0.157
TNS   : 0.000

Type  : Fast 1100mV 0C Model Setup 'CLOCK_50'
Slack : -6.094
TNS   : -1440.860

Type  : Fast 1100mV 0C Model Setup 'ControlUnit:b2v_inst|state.T2'
Slack : -5.955
TNS   : -116.401

Type  : Fast 1100mV 0C Model Hold 'CLOCK_50'
Slack : -1.740
TNS   : -39.995

Type  : Fast 1100mV 0C Model Hold 'ControlUnit:b2v_inst|state.T2'
Slack : -0.557
TNS   : -0.557

Type  : Fast 1100mV 0C Model Minimum Pulse Width 'CLOCK_50'
Slack : -2.636
TNS   : -1745.079

Type  : Fast 1100mV 0C Model Minimum Pulse Width 'ControlUnit:b2v_inst|state.T2'
Slack : 0.225
TNS   : 0.000

------------------------------------------------------------
